// Jest Snapshot v1, https://goo.gl/fbAQLP

exports[`should consistently explain the query plan 1`] = `
{
  "data": {
    "topProducts": [
      {
        "inStock": true,
        "name": "Table",
        "price": 899,
        "reviews": [
          {
            "author": {
              "id": "1",
              "name": "Ada Lovelace",
              "reviews": [
                {
                  "body": "Love it!",
                  "id": "1",
                  "product": {
                    "inStock": true,
                    "name": "Table",
                    "price": 899,
                    "shippingEstimate": 50,
                    "upc": "1",
                    "weight": 100,
                  },
                },
                {
                  "body": "Too expensive.",
                  "id": "2",
                  "product": {
                    "inStock": false,
                    "name": "Couch",
                    "price": 1299,
                    "shippingEstimate": 0,
                    "upc": "2",
                    "weight": 1000,
                  },
                },
              ],
              "username": "@ada",
            },
            "body": "Love it!",
            "id": "1",
          },
          {
            "author": {
              "id": "2",
              "name": "Alan Turing",
              "reviews": [
                {
                  "body": "Could be better.",
                  "id": "3",
                  "product": {
                    "inStock": true,
                    "name": "Chair",
                    "price": 54,
                    "shippingEstimate": 25,
                    "upc": "3",
                    "weight": 50,
                  },
                },
                {
                  "body": "Prefer something else.",
                  "id": "4",
                  "product": {
                    "inStock": true,
                    "name": "Table",
                    "price": 899,
                    "shippingEstimate": 50,
                    "upc": "1",
                    "weight": 100,
                  },
                },
              ],
              "username": "@complete",
            },
            "body": "Prefer something else.",
            "id": "4",
          },
        ],
        "shippingEstimate": 50,
        "upc": "1",
        "weight": 100,
      },
      {
        "inStock": false,
        "name": "Couch",
        "price": 1299,
        "reviews": [
          {
            "author": {
              "id": "1",
              "name": "Ada Lovelace",
              "reviews": [
                {
                  "body": "Love it!",
                  "id": "1",
                  "product": {
                    "inStock": true,
                    "name": "Table",
                    "price": 899,
                    "shippingEstimate": 50,
                    "upc": "1",
                    "weight": 100,
                  },
                },
                {
                  "body": "Too expensive.",
                  "id": "2",
                  "product": {
                    "inStock": false,
                    "name": "Couch",
                    "price": 1299,
                    "shippingEstimate": 0,
                    "upc": "2",
                    "weight": 1000,
                  },
                },
              ],
              "username": "@ada",
            },
            "body": "Too expensive.",
            "id": "2",
          },
        ],
        "shippingEstimate": 0,
        "upc": "2",
        "weight": 1000,
      },
      {
        "inStock": true,
        "name": "Chair",
        "price": 54,
        "reviews": [
          {
            "author": {
              "id": "2",
              "name": "Alan Turing",
              "reviews": [
                {
                  "body": "Could be better.",
                  "id": "3",
                  "product": {
                    "inStock": true,
                    "name": "Chair",
                    "price": 54,
                    "shippingEstimate": 25,
                    "upc": "3",
                    "weight": 50,
                  },
                },
                {
                  "body": "Prefer something else.",
                  "id": "4",
                  "product": {
                    "inStock": true,
                    "name": "Table",
                    "price": 899,
                    "shippingEstimate": 50,
                    "upc": "1",
                    "weight": 100,
                  },
                },
              ],
              "username": "@complete",
            },
            "body": "Could be better.",
            "id": "3",
          },
        ],
        "shippingEstimate": 25,
        "upc": "3",
        "weight": 50,
      },
    ],
    "users": [
      {
        "id": "1",
        "name": "Ada Lovelace",
        "reviews": [
          {
            "body": "Love it!",
            "id": "1",
            "product": {
              "inStock": true,
              "name": "Table",
              "price": 899,
              "reviews": [
                {
                  "author": {
                    "id": "1",
                    "name": "Ada Lovelace",
                    "reviews": [
                      {
                        "body": "Love it!",
                        "id": "1",
                        "product": {
                          "inStock": true,
                          "name": "Table",
                          "price": 899,
                          "shippingEstimate": 50,
                          "upc": "1",
                          "weight": 100,
                        },
                      },
                      {
                        "body": "Too expensive.",
                        "id": "2",
                        "product": {
                          "inStock": false,
                          "name": "Couch",
                          "price": 1299,
                          "shippingEstimate": 0,
                          "upc": "2",
                          "weight": 1000,
                        },
                      },
                    ],
                    "username": "@ada",
                  },
                  "body": "Love it!",
                  "id": "1",
                },
                {
                  "author": {
                    "id": "2",
                    "name": "Alan Turing",
                    "reviews": [
                      {
                        "body": "Could be better.",
                        "id": "3",
                        "product": {
                          "inStock": true,
                          "name": "Chair",
                          "price": 54,
                          "shippingEstimate": 25,
                          "upc": "3",
                          "weight": 50,
                        },
                      },
                      {
                        "body": "Prefer something else.",
                        "id": "4",
                        "product": {
                          "inStock": true,
                          "name": "Table",
                          "price": 899,
                          "shippingEstimate": 50,
                          "upc": "1",
                          "weight": 100,
                        },
                      },
                    ],
                    "username": "@complete",
                  },
                  "body": "Prefer something else.",
                  "id": "4",
                },
              ],
              "shippingEstimate": 50,
              "upc": "1",
              "weight": 100,
            },
          },
          {
            "body": "Too expensive.",
            "id": "2",
            "product": {
              "inStock": false,
              "name": "Couch",
              "price": 1299,
              "reviews": [
                {
                  "author": {
                    "id": "1",
                    "name": "Ada Lovelace",
                    "reviews": [
                      {
                        "body": "Love it!",
                        "id": "1",
                        "product": {
                          "inStock": true,
                          "name": "Table",
                          "price": 899,
                          "shippingEstimate": 50,
                          "upc": "1",
                          "weight": 100,
                        },
                      },
                      {
                        "body": "Too expensive.",
                        "id": "2",
                        "product": {
                          "inStock": false,
                          "name": "Couch",
                          "price": 1299,
                          "shippingEstimate": 0,
                          "upc": "2",
                          "weight": 1000,
                        },
                      },
                    ],
                    "username": "@ada",
                  },
                  "body": "Too expensive.",
                  "id": "2",
                },
              ],
              "shippingEstimate": 0,
              "upc": "2",
              "weight": 1000,
            },
          },
        ],
        "username": "@ada",
      },
      {
        "id": "2",
        "name": "Alan Turing",
        "reviews": [
          {
            "body": "Could be better.",
            "id": "3",
            "product": {
              "inStock": true,
              "name": "Chair",
              "price": 54,
              "reviews": [
                {
                  "author": {
                    "id": "2",
                    "name": "Alan Turing",
                    "reviews": [
                      {
                        "body": "Could be better.",
                        "id": "3",
                        "product": {
                          "inStock": true,
                          "name": "Chair",
                          "price": 54,
                          "shippingEstimate": 25,
                          "upc": "3",
                          "weight": 50,
                        },
                      },
                      {
                        "body": "Prefer something else.",
                        "id": "4",
                        "product": {
                          "inStock": true,
                          "name": "Table",
                          "price": 899,
                          "shippingEstimate": 50,
                          "upc": "1",
                          "weight": 100,
                        },
                      },
                    ],
                    "username": "@complete",
                  },
                  "body": "Could be better.",
                  "id": "3",
                },
              ],
              "shippingEstimate": 25,
              "upc": "3",
              "weight": 50,
            },
          },
          {
            "body": "Prefer something else.",
            "id": "4",
            "product": {
              "inStock": true,
              "name": "Table",
              "price": 899,
              "reviews": [
                {
                  "author": {
                    "id": "1",
                    "name": "Ada Lovelace",
                    "reviews": [
                      {
                        "body": "Love it!",
                        "id": "1",
                        "product": {
                          "inStock": true,
                          "name": "Table",
                          "price": 899,
                          "shippingEstimate": 50,
                          "upc": "1",
                          "weight": 100,
                        },
                      },
                      {
                        "body": "Too expensive.",
                        "id": "2",
                        "product": {
                          "inStock": false,
                          "name": "Couch",
                          "price": 1299,
                          "shippingEstimate": 0,
                          "upc": "2",
                          "weight": 1000,
                        },
                      },
                    ],
                    "username": "@ada",
                  },
                  "body": "Love it!",
                  "id": "1",
                },
                {
                  "author": {
                    "id": "2",
                    "name": "Alan Turing",
                    "reviews": [
                      {
                        "body": "Could be better.",
                        "id": "3",
                        "product": {
                          "inStock": true,
                          "name": "Chair",
                          "price": 54,
                          "shippingEstimate": 25,
                          "upc": "3",
                          "weight": 50,
                        },
                      },
                      {
                        "body": "Prefer something else.",
                        "id": "4",
                        "product": {
                          "inStock": true,
                          "name": "Table",
                          "price": 899,
                          "shippingEstimate": 50,
                          "upc": "1",
                          "weight": 100,
                        },
                      },
                    ],
                    "username": "@complete",
                  },
                  "body": "Prefer something else.",
                  "id": "4",
                },
              ],
              "shippingEstimate": 50,
              "upc": "1",
              "weight": 100,
            },
          },
        ],
        "username": "@complete",
      },
    ],
  },
  "extensions": {
    "plan": [
      {
        "query": "query TestQuery {
  __typename
  users {
    __typename
    ...User
    id
  }
}

fragment User on User {
  id
  username
  name
}",
        "subgraphName": "accounts",
        "variables": {},
      },
      {
        "query": "query TestQuery($_0__v0_representations: [_Any!]!, $_1__v0_representations: [_Any!]!) {
  _0___typename: __typename
  _0__entities: _entities(representations: $_0__v0_representations) {
    __typename
    ... on Product {
      inStock
    }
  }
  _1___typename: __typename
  _1__entities: _entities(representations: $_1__v0_representations) {
    __typename
    ... on Product {
      shippingEstimate
    }
  }
}",
        "subgraphName": "inventory",
        "variables": {
          "_0__v0_representations": [
            {
              "__typename": "Product",
              "price": 899,
              "upc": "1",
              "weight": 100,
            },
            {
              "__typename": "Product",
              "price": 1299,
              "upc": "2",
              "weight": 1000,
            },
            {
              "__typename": "Product",
              "price": 54,
              "upc": "3",
              "weight": 50,
            },
          ],
          "_1__v0_representations": [
            {
              "__typename": "Product",
              "price": 899,
              "upc": "1",
              "weight": 100,
            },
            {
              "__typename": "Product",
              "price": 1299,
              "upc": "2",
              "weight": 1000,
            },
            {
              "__typename": "Product",
              "price": 54,
              "upc": "3",
              "weight": 50,
            },
          ],
        },
      },
      {
        "query": "query TestQuery($_v0_first: Int) {
  __typename
  topProducts(first: $_v0_first) {
    __typename
    ...Product
    upc
  }
}

fragment Product on Product {
  __typename
  upc
  name
  price
  price
  weight
  upc
  weight
}",
        "subgraphName": "products",
        "variables": {
          "_v0_first": 5,
        },
      },
      {
        "query": "query TestQuery($_v0_representations: [_Any!]!) {
  __typename
  _entities(representations: $_v0_representations) {
    __typename
    ... on Product {
      name
      price
      price
      weight
      weight
    }
  }
}",
        "subgraphName": "products",
        "variables": {
          "_v0_representations": [
            {
              "__typename": "Product",
              "upc": "1",
            },
            {
              "__typename": "Product",
              "upc": "2",
            },
            {
              "__typename": "Product",
              "upc": "3",
            },
          ],
        },
      },
      {
        "query": "query TestQuery($_v0_representations: [_Any!]!) {
  __typename
  _entities(representations: $_v0_representations) {
    __typename
    ... on Product {
      reviews {
        ...Review
        author {
          ...User
          reviews {
            ...Review
            product {
              ...Product
            }
          }
        }
      }
    }
  }
}

fragment Product on Product {
  __typename
  upc
  upc
}

fragment User on User {
  __typename
  id
  username
  id
}

fragment Review on Review {
  id
  body
}",
        "subgraphName": "reviews",
        "variables": {
          "_v0_representations": [
            {
              "__typename": "Product",
              "upc": "1",
            },
            {
              "__typename": "Product",
              "upc": "2",
            },
            {
              "__typename": "Product",
              "upc": "3",
            },
          ],
        },
      },
      {
        "query": "query TestQuery($_v0_representations: [_Any!]!) {
  __typename
  _entities(representations: $_v0_representations) {
    __typename
    ... on User {
      name
    }
  }
}",
        "subgraphName": "accounts",
        "variables": {
          "_v0_representations": [
            {
              "__typename": "User",
              "id": "1",
            },
            {
              "__typename": "User",
              "id": "2",
            },
          ],
        },
      },
      {
        "query": "query TestQuery($_v0_representations: [_Any!]!) {
  __typename
  _entities(representations: $_v0_representations) {
    __typename
    ... on User {
      reviews {
        ...Review
        product {
          ...Product
          reviews {
            ...Review
            author {
              ...User
              reviews {
                ...Review
                product {
                  ...Product
                }
              }
            }
          }
        }
      }
    }
  }
}

fragment User on User {
  __typename
  id
  username
  id
}

fragment Product on Product {
  __typename
  upc
  upc
}

fragment Review on Review {
  id
  body
}",
        "subgraphName": "reviews",
        "variables": {
          "_v0_representations": [
            {
              "__typename": "User",
              "id": "1",
            },
            {
              "__typename": "User",
              "id": "2",
            },
          ],
        },
      },
    ],
  },
}
`;
