// Jest Snapshot v1, https://goo.gl/fbAQLP

exports[`Query Params queryParamsSample with invalid param names: queryParamsSample 1`] = `
"schema @transport(subgraph: "test", kind: "rest", location: "http://localhost:3000") {
  query: Query
}

directive @httpOperation(subgraph: String, path: String, operationSpecificHeaders: [[String]], httpMethod: HTTPMethod, isBinary: Boolean, requestBaseBody: ObjMap, queryParamArgMap: ObjMap, queryStringOptionsByParam: ObjMap, jsonApiFields: Boolean) on FIELD_DEFINITION

directive @transport(subgraph: String, kind: String, location: String, headers: [[String]], queryStringOptions: ObjMap, queryParams: [[String]]) on SCHEMA

type Query {
  test(foo_bar: String): JSON @httpOperation(subgraph: "test", path: "/test", httpMethod: GET, queryParamArgMap: "{\\"foo:bar\\":\\"foo_bar\\"}")
}

"""
The \`JSON\` scalar type represents JSON values as specified by [ECMA-404](http://www.ecma-international.org/publications/files/ECMA-ST/ECMA-404.pdf).
"""
scalar JSON @specifiedBy(url: "http://www.ecma-international.org/publications/files/ECMA-ST/ECMA-404.pdf")

enum HTTPMethod {
  GET
  HEAD
  POST
  PUT
  DELETE
  CONNECT
  OPTIONS
  TRACE
  PATCH
}

scalar ObjMap"
`;
