// Jest Snapshot v1, https://goo.gl/fbAQLP

exports[`Hello World should generate correct schema 1`] = `
"schema @transport(subgraph: "Hello World", kind: "rest") {
  query: Query
}

directive @httpOperation(subgraph: String, path: String, operationSpecificHeaders: ObjMap, httpMethod: HTTPMethod, isBinary: Boolean, requestBaseBody: ObjMap, queryParamArgMap: ObjMap, queryStringOptionsByParam: ObjMap, jsonApiFields: Boolean) on FIELD_DEFINITION

directive @transport(subgraph: String, kind: String, location: String, headers: ObjMap, queryStringOptions: ObjMap, queryParams: ObjMap) on OBJECT

type Query {
  greeting: String @httpOperation(subgraph: "Hello World", path: "/", httpMethod: GET)
}

scalar ObjMap

enum HTTPMethod {
  GET
  HEAD
  POST
  PUT
  DELETE
  CONNECT
  OPTIONS
  TRACE
  PATCH
}"
`;

exports[`Hello World should give correct response 1`] = `
{
  "data": {
    "greeting": "Hello World",
  },
}
`;
