// Jest Snapshot v1, https://goo.gl/fbAQLP

exports[`OpenAPI Loader: Cloudfunction should generate correct schema: cloudfunction-schema 1`] = `
"schema {
  query: Query
}

type Query {
  "Return a user."
  user(port: String = "3002", basePath: String = "api"): user
}

"A user represents a natural person"
type user {
  traits: trait
}

"A user trait"
type trait {
  "The description of the trait"
  description: String
}"
`;
