// Jest Snapshot v1, https://goo.gl/fbAQLP

exports[`works 1`] = `
{
  "data": {
    "foo": {
      "bar": {
        "foo": {
          "id": "1",
        },
        "id": "1",
      },
      "id": "1",
    },
  },
}
`;
