// Jest Snapshot v1, https://goo.gl/fbAQLP

exports[`JSON Like Bodies should treat */* as application/json: */* snapshot 1`] = `
"type Query {
  \\"\\"\\"
  
  
  Equivalent to GET /api/v1/countries
  \\"\\"\\"
  apiV1Countries: [Country]

  \\"\\"\\"
  
  
  Equivalent to GET /api/v1/provinces/country/{countryID}
  \\"\\"\\"
  apiV1ProvincesCountry(countryID: String!): [Province]
}

type Country {
  code: String
  id: String
  name: String
}

type Province {
  country: Country
  id: String
  name: String
}
"
`;
