// Jest Snapshot v1, https://goo.gl/fbAQLP

exports[`gRPC Example should generate correct schema: grpc-schema 1`] = `
"\\"\\"\\"
The \`BigInt\` scalar type represents non-fractional signed whole numeric values.
\\"\\"\\"
scalar BigInt

enum ConnectivityState {
  CONNECTING
  IDLE
  READY
  SHUTDOWN
  TRANSIENT_FAILURE
}

type Mutation {
  \\"\\"\\"get all movies\\"\\"\\"
  ioXtechAnotherExampleGetMovies(input: io_xtech_MovieRequest_Input): io_xtech_MoviesResult

  \\"\\"\\"get all movies\\"\\"\\"
  ioXtechExampleGetMovies(input: io_xtech_MovieRequest_Input): io_xtech_MoviesResult
}

type Query {
  ioXtechAnotherExampleConnectivityState(tryToConnect: Boolean): ConnectivityState
  ioXtechExampleConnectivityState(tryToConnect: Boolean): ConnectivityState
}

type Subscription {
  \\"\\"\\"search movies by the name of the cast\\"\\"\\"
  ioXtechAnotherExampleSearchMoviesByCast(input: io_xtech_SearchByCastRequest_Input): io_xtech_Movie

  \\"\\"\\"search movies by the name of the cast\\"\\"\\"
  ioXtechExampleSearchMoviesByCast(input: io_xtech_SearchByCastRequest_Input): io_xtech_Movie
}

type google_protobuf_Timestamp {
  nanos: Int
  seconds: BigInt
}

input google_protobuf_Timestamp_Input {
  nanos: Int
  seconds: BigInt
}

enum io_xtech_Genre {
  ACTION
  DRAMA
  UNSPECIFIED
}

\\"\\"\\"movie message payload\\"\\"\\"
type io_xtech_Movie {
  \\"\\"\\"list of cast\\"\\"\\"
  cast: [String]
  genre: io_xtech_Genre
  name: String
  rating: Float
  time: google_protobuf_Timestamp
  year: BigInt
}

input io_xtech_MovieRequest_Input {
  movie: io_xtech_Movie_Input
}

\\"\\"\\"movie message payload\\"\\"\\"
input io_xtech_Movie_Input {
  \\"\\"\\"list of cast\\"\\"\\"
  cast: [String]
  genre: io_xtech_Genre
  name: String
  rating: Float
  time: google_protobuf_Timestamp_Input
  year: BigInt
}

\\"\\"\\"movie result message, contains list of movies\\"\\"\\"
type io_xtech_MoviesResult {
  \\"\\"\\"list of movies\\"\\"\\"
  result: [io_xtech_Movie]
}

input io_xtech_SearchByCastRequest_Input {
  castName: String
}
"
`;

exports[`gRPC Example should get movies correctly: get-movies-grpc-example-result 1`] = `
Object {
  "data": Object {
    "ioXtechExampleGetMovies": Object {
      "result": Array [
        Object {
          "cast": Array [
            "Leonardo DiCaprio",
            "Jonah Hill",
            "Margot Robbie",
          ],
          "genre": "DRAMA",
          "name": "The Wolf of Wall Street",
          "rating": 0.7799999713897705,
          "time": Object {
            "seconds": 1608422400000n,
          },
          "year": 2013n,
        },
      ],
    },
  },
}
`;
