// Jest Snapshot v1, https://goo.gl/fbAQLP

exports[`JSON Schema Covid should generate correct schema: json-schema-covid-schema 1`] = `
"\\"\\"\\"Desc Api Population\\"\\"\\"
type ApiPopulation {
  records: [Result]
}

\\"\\"\\"\\"\\"\\"
enum CacheControlScope {
  \\"\\"\\"\\"\\"\\"
  PRIVATE

  \\"\\"\\"\\"\\"\\"
  PUBLIC
}

\\"\\"\\"\\"\\"\\"
type Case {
  \\"\\"\\"\\"\\"\\"
  active: Int

  \\"\\"\\"\\"\\"\\"
  admin2: Int

  \\"\\"\\"\\"\\"\\"
  combinedKey: Int

  \\"\\"\\"\\"\\"\\"
  confirmed: Int

  \\"\\"\\"\\"\\"\\"
  countryRegion: String

  \\"\\"\\"\\"\\"\\"
  deaths: Int

  \\"\\"\\"\\"\\"\\"
  fips: Int

  \\"\\"\\"\\"\\"\\"
  iso2: String

  \\"\\"\\"\\"\\"\\"
  iso3: String

  \\"\\"\\"\\"\\"\\"
  lastUpdate: Date

  \\"\\"\\"\\"\\"\\"
  lat: Float

  \\"\\"\\"\\"\\"\\"
  long: Float
  population: ApiPopulation

  \\"\\"\\"\\"\\"\\"
  provinceState: String

  \\"\\"\\"\\"\\"\\"
  recovered: Int
}

\\"\\"\\"\\"\\"\\"
type Count {
  \\"\\"\\"\\"\\"\\"
  confirmed: Int

  \\"\\"\\"\\"\\"\\"
  deaths: Int

  \\"\\"\\"\\"\\"\\"
  recovered: Int
}

\\"\\"\\"\\"\\"\\"
type Daily {
  \\"\\"\\"\\"\\"\\"
  deltaConfirmed: Int

  \\"\\"\\"\\"\\"\\"
  deltaRecovered: Int

  \\"\\"\\"\\"\\"\\"
  mainlandChina: Int

  \\"\\"\\"\\"\\"\\"
  objectid: Int

  \\"\\"\\"\\"\\"\\"
  otherLocations: Int

  \\"\\"\\"\\"\\"\\"
  reportDate: Date

  \\"\\"\\"\\"\\"\\"
  reportDateString: String

  \\"\\"\\"\\"\\"\\"
  totalConfirmed: Int

  \\"\\"\\"\\"\\"\\"
  totalRecovered: Int
}

\\"\\"\\"\\"\\"\\"
scalar Date

\\"\\"\\"\\"\\"\\"
type Query {
  \\"\\"\\"\\"\\"\\"
  case(countryRegion: String): Case

  \\"\\"\\"\\"\\"\\"
  cases: [Case]

  \\"\\"\\"\\"\\"\\"
  count: Count

  \\"\\"\\"\\"\\"\\"
  daily: [Daily]

  \\"\\"\\"
  GET /?dataset=world-population&q={args.country}&rows=1&sort=year&facet=year&facet=country_name
  \\"\\"\\"
  population(country: String): ApiPopulation
  stat(country: String!): Stat
}

\\"\\"\\"Result of API\\"\\"\\"
type Result {
  fields: _records_items_fields
}

type Stat {
  case: Case
  confirmedRatio: Float
  deathRatio: Float
  population: ApiPopulation
  recoveredRatio: Float
}

\\"\\"\\"The \`Upload\` scalar type represents a file upload.\\"\\"\\"
scalar Upload

type _records_items_fields {
  country_name: String
  value: Float
  year: String
}
"
`;
